[1/668] LINUX CC build/linux/obj/source/ai/actor_definitions.o
[2/668] LINUX CC build/linux/obj/source/ai/action_sleep.o
[3/668] LINUX CC build/linux/obj/source/ai/actor_type_crew.o
[4/668] LINUX CC build/linux/obj/source/ai/action_converse.o
[5/668] LINUX CC build/linux/obj/source/ai/action_wait.o
[6/668] LINUX CC build/linux/obj/source/ai/actor_type_elite.o
[7/668] LINUX CC build/linux/obj/source/ai/action_fight.o
[8/668] LINUX CC build/linux/obj/source/ai/actor_type_carrier.o
[9/668] LINUX CC build/linux/obj/source/ai/action_avoid.o
[10/668] LINUX CC build/linux/obj/source/ai/action_alert.o
[11/668] LINUX CC build/linux/obj/source/ai/action_flee.o
[12/668] LINUX CC build/linux/obj/source/ai/action_search.o
[13/668] LINUX CC build/linux/obj/source/ai/action_uncover.o
[14/668] LINUX CC build/linux/obj/source/ai/action_guard.o
[15/668] LINUX CC build/linux/obj/source/ai/actor_type_grunt.o
[16/668] LINUX CC build/linux/obj/source/ai/actor_type_mounted_weapon.o
[17/668] LINUX CC build/linux/obj/source/ai/actor_type_sentinel.o
[18/668] LINUX CC build/linux/obj/source/ai/actor_type_jackal.o
[19/668] LINUX CC build/linux/obj/source/ai/actor_type_marine.o
[20/668] LINUX CC build/linux/obj/source/ai/action_charge.o
[21/668] LINUX CC build/linux/obj/source/ai/actor_stimulus.o
[22/668] LINUX CC build/linux/obj/source/ai/actor_type_engineer.o
[23/668] LINUX CC build/linux/obj/source/ai/actor_types.o
[24/668] LINUX CC build/linux/obj/source/ai/action_vehicle.o
[25/668] LINUX CC build/linux/obj/source/ai/actor_type_hunter.o
[26/668] LINUX CC build/linux/obj/source/ai/ai_scenario_definitions.o
[27/668] LINUX CC build/linux/obj/source/ai/actor_type_flood.o
[28/668] LINUX CC build/linux/obj/source/ai/actor_type_infection.o
[29/668] LINUX CC build/linux/obj/source/ai/ai_profile.o
[30/668] LINUX CC build/linux/obj/source/ai/actor_combat.o
[31/668] LINUX CC build/linux/obj/source/ai/actor_looking.o
[32/668] LINUX CC build/linux/obj/source/bitmaps/bitmap_compress.o
[33/668] LINUX CC build/linux/obj/source/ai/props.o
[34/668] LINUX CC build/linux/obj/source/bink/bink_playback.o
[35/668] LINUX CC build/linux/obj/source/ai/path_structure_bsp.o
[36/668] LINUX CC build/linux/obj/source/ai/actor_moving.o
[37/668] LINUX CC build/linux/obj/source/ai/actor_firing_position.o
[38/668] LINUX CC build/linux/obj/source/bitmaps/color_table_group.o
[39/668] LINUX CC build/linux/obj/source/bitmaps/bitmap_group.o
[40/668] LINUX CC build/linux/obj/source/ai/path_obstacles.o
[41/668] LINUX CC build/linux/obj/source/ai/action_obey.o
[42/668] LINUX CC build/linux/obj/source/ai/path_smoothing.o
[43/668] LINUX CC build/linux/obj/source/ai/path.o
[44/668] LINUX CC build/linux/obj/source/bitmaps/libtiff/tif_close.o
[45/668] LINUX CC build/linux/obj/source/bitmaps/libtiff/tif_aux.o
[46/668] LINUX CC build/linux/obj/source/bitmaps/libtiff/tif_ccittrle.o
[47/668] LINUX CC build/linux/obj/source/bitmaps/libtiff/tif_compat.o
[48/668] LINUX CC build/linux/obj/source/bitmaps/bitmaps_quantitize.o
[49/668] LINUX CC build/linux/obj/source/bitmaps/bitmap_drawing.o
[50/668] LINUX CC build/linux/obj/source/bitmaps/libtiff/tif_compress.o
[51/668] LINUX CC build/linux/obj/source/bitmaps/bitmaps.o
[52/668] LINUX CC build/linux/obj/source/bitmaps/libtiff/tif_dirinfo.o
[53/668] LINUX CC build/linux/obj/source/bitmaps/libtiff/tif_dumpmode.o
[54/668] LINUX CC build/linux/obj/source/ai/path_obstacle_avoidance.o
[55/668] LINUX CC build/linux/obj/source/bitmaps/libtiff/tif_jpeg.o
[56/668] LINUX CC build/linux/obj/source/bitmaps/libtiff/tif_dir.o
[57/668] LINUX CC build/linux/obj/source/bitmaps/libtiff/tif_fax4.o
[58/668] LINUX CC build/linux/obj/source/bitmaps/libtiff/tif_error.o
[59/668] LINUX CC build/linux/obj/source/bitmaps/bitmap_extract.o
[60/668] LINUX CC build/linux/obj/source/bitmaps/libtiff/tif_machdep.o
[61/668] LINUX CC build/linux/obj/source/ai/actions.o
[62/668] LINUX CC build/linux/obj/source/bitmaps/libtiff/tif_flush.o
[63/668] LINUX CC build/linux/obj/source/bitmaps/libtiff/tif_next.o
[64/668] LINUX CC build/linux/obj/source/bitmaps/libtiff/tif_open.o
[65/668] LINUX CC build/linux/obj/source/bitmaps/libtiff/tif_dirwrite.o
[66/668] LINUX CC build/linux/obj/source/ai/ai_script.o
[67/668] LINUX CC build/linux/obj/source/bitmaps/libtiff/tif_swab.o
[68/668] LINUX CC build/linux/obj/source/bitmaps/libtiff/tif_version.o
[69/668] LINUX CC build/linux/obj/source/bitmaps/libtiff/tif_lzw.o
[70/668] LINUX CC build/linux/obj/source/bitmaps/libtiff/tif_tile.o
[71/668] LINUX CC build/linux/obj/source/bitmaps/libtiff/tif_packbits.o
[72/668] LINUX CC build/linux/obj/source/bitmaps/libtiff/tif_warning.o
[73/668] LINUX CC build/linux/obj/source/bitmaps/libtiff/tif_thunder.o
[74/668] LINUX CC build/linux/obj/source/bitmaps/libtiff/tif_read.o
[75/668] LINUX CC build/linux/obj/source/bitmaps/libtiff/tif_write.o
[76/668] LINUX CC build/linux/obj/source/bitmaps/targa_file.o
[77/668] LINUX CC build/linux/obj/source/bitmaps/libtiff/tif_strip.o
[78/668] LINUX CC build/linux/obj/source/ai/actors.o
[79/668] LINUX CC build/linux/obj/source/bungie_net/common/64bit_math.o
[80/668] LINUX CC build/linux/obj/source/bitmaps/bitmap_utilities.o
[81/668] LINUX CC build/linux/obj/source/bungie_net/common/prime_numbers.o
[82/668] LINUX CC build/linux/obj/source/ai/encounters.o
[83/668] LINUX CC build/linux/obj/source/bungie_net/common/public_key_crypt.o
[84/668] LINUX CC build/linux/obj/source/bungie_net/common/message_encryption.o
[85/668] LINUX CC build/linux/obj/source/bitmaps/libtiff/tif_print.o
[86/668] LINUX CC build/linux/obj/source/bungie_net/common/random_numbers.o
[87/668] LINUX CC build/linux/obj/source/bungie_net/network/transport_dns_winsock.o
[88/668] LINUX CC build/linux/obj/source/bungie_net/network/transport_address.o
[89/668] LINUX CC build/linux/obj/source/bitmaps/libtiff/tif_dirread.o
[90/668] LINUX CC build/linux/obj/source/bungie_net/common/thread_win32.o
[91/668] LINUX CC build/linux/obj/source/ai/ai_communication.o
[92/668] LINUX CC build/linux/obj/source/bitmaps/tiff_file.o
[93/668] LINUX CC build/linux/obj/source/bungie_net/common/message_header.o
[94/668] LINUX CC build/linux/obj/source/camera/camera_track_definitions.o
[95/668] LINUX CC build/linux/obj/source/ai/ai.o
[96/668] LINUX CC build/linux/obj/source/bungie_net/common/key_agreement.o
[97/668] LINUX CC build/linux/obj/source/cache/predicted_resources.o
[98/668] LINUX CC build/linux/obj/source/cache/physical_memory_map.o
[99/668] LINUX CC build/linux/obj/source/cache/cache_files.o
[100/668] LINUX CC build/linux/obj/source/cache/xbox_sound_cache.o
[101/668] LINUX CC build/linux/obj/source/camera/dead_camera.o
[102/668] LINUX CC build/linux/obj/source/ai/actor_perception.o
[103/668] LINUX CC build/linux/obj/source/bitmaps/libtiff/tif_fax3.o
[104/668] LINUX CC build/linux/obj/source/bungie_net/network/transport_endpoint_winsock.o
[105/668] LINUX CC build/linux/obj/source/bitmaps/s3tc/s3tc.o
[106/668] LINUX CC build/linux/obj/source/camera/camera_scripting.o
[107/668] LINUX CC build/linux/obj/source/camera/bored_camera.o
[108/668] LINUX CC build/linux/obj/source/cache/cache_files_decompress_windows.o
[109/668] LINUX CC build/linux/obj/source/camera/static_camera.o
[110/668] LINUX CC build/linux/obj/source/camera/orbiting_camera.o
[111/668] LINUX CC build/linux/obj/source/cache/cache_files_windows.o
[112/668] LINUX CC build/linux/obj/source/cseries/headers.o
[113/668] LINUX CC build/linux/obj/source/cseries/cseries_windows.o
[114/668] LINUX CC build/linux/obj/source/cache/xbox_texture_cache.o
[115/668] LINUX CC build/linux/obj/source/cseries/progress.o
[116/668] LINUX CC build/linux/obj/source/cseries/sort.o
[117/668] LINUX CC build/linux/obj/source/cutscene/recorded_animation_definitions.o
[118/668] LINUX CC build/linux/obj/source/cseries/cseries.o
[119/668] LINUX CC build/linux/obj/source/bungie_net/network/transport_endpoint_set_winsock.o
[120/668] LINUX CC build/linux/obj/source/cseries/errors.o
[121/668] LINUX CC build/linux/obj/source/cutscene/recorded_animation_initialize.o
[122/668] LINUX CC build/linux/obj/source/devices/device_definitions.o
[123/668] LINUX CC build/linux/obj/source/camera/following_camera.o
[124/668] LINUX CC build/linux/obj/source/cseries/stack_walk_windows.o
[125/668] LINUX CC build/linux/obj/source/cutscene/cinematics.o
[126/668] LINUX CC build/linux/obj/source/bitmaps/libtiff/tif_getimage.o
[127/668] LINUX CC build/linux/obj/source/cutscene/recorded_animation_playback.o
[128/668] LINUX CC build/linux/obj/source/camera/flying_camera.o
[129/668] LINUX CC build/linux/obj/source/cseries/debug_memory.o
[130/668] LINUX CC build/linux/obj/source/dialogs/dialog_controls.o
[131/668] LINUX CC build/linux/obj/source/dialogs/button_control.o
[132/668] LINUX CC build/linux/obj/source/devices/device_light_fixtures.o
[133/668] LINUX CC build/linux/obj/source/camera/first_person_camera.o
[134/668] LINUX CC build/linux/obj/source/devices/device_controls.o
[135/668] LINUX CC build/linux/obj/source/ai/ai_debug.o
[136/668] LINUX CC build/linux/obj/source/dialogs/edit_text_control.o
[137/668] LINUX CC build/linux/obj/source/dialogs/dialog_templates.o
[138/668] LINUX CC build/linux/obj/source/cutscene/recorded_animation_playback_v1.o
[139/668] LINUX CC build/linux/obj/source/dialogs/picture_control.o
[140/668] LINUX CC build/linux/obj/source/dialogs/dialogs.o
[141/668] LINUX CC build/linux/obj/source/dialogs/list_control.o
[142/668] LINUX CC build/linux/obj/source/devices/device_machines.o
[143/668] LINUX CC build/linux/obj/source/effects/decal_definitions.o
[144/668] LINUX CC build/linux/obj/source/editor/editor_stubs.o
[145/668] LINUX CC build/linux/obj/source/effects/contrail_definitions.o
[146/668] LINUX CC build/linux/obj/source/effects/glass_definitions.o
[147/668] LINUX CC build/linux/obj/source/effects/material_effect_definitions.o
[148/668] LINUX CC build/linux/obj/source/dialogs/static_text_control.o
[149/668] LINUX CC build/linux/obj/source/effects/effect_definitions.o
[150/668] LINUX CC build/linux/obj/source/camera/editor_flying_camera.o
[151/668] LINUX CC build/linux/obj/source/effects/particle_system_definitions.o
[152/668] LINUX CC build/linux/obj/source/dialogs/value_control.o
[153/668] LINUX CC build/linux/obj/source/cseries/profile.o
[154/668] LINUX CC build/linux/obj/source/cutscene/recorded_animations.o
[155/668] LINUX CC build/linux/obj/source/camera/director.o
[156/668] LINUX CC build/linux/obj/source/effects/spheroid_definitions.o
[157/668] LINUX CC build/linux/obj/source/effects/weather_particle_definitions.o
[158/668] LINUX CC build/linux/obj/source/devices/devices.o
[159/668] LINUX CC build/linux/obj/source/dialogs/edit_text.o
[160/668] LINUX CC build/linux/obj/source/effects/spheroids.o
[161/668] LINUX CC build/linux/obj/source/effects/particle_definitions.o
[162/668] LINUX CC build/linux/obj/source/game/game_engine_bomb.o
[163/668] LINUX CC build/linux/obj/source/game/game_engine_defend.o
[164/668] LINUX CC build/linux/obj/source/effects/material_effects.o
[165/668] LINUX CC build/linux/obj/source/game/game_engine_terminator.o
[166/668] LINUX CC build/linux/obj/source/game/game_engine_stub.o
[167/668] LINUX CC build/linux/obj/source/game/cheats.o
[168/668] LINUX CC build/linux/obj/source/effects/particles.o
[169/668] LINUX CC build/linux/obj/source/effects/contrails.o
[170/668] LINUX CC build/linux/obj/source/game/game_engine_list.o
[171/668] LINUX CC build/linux/obj/source/game/game_globals.o
[172/668] LINUX CC build/linux/obj/source/effects/player_effects.o
[173/668] LINUX CC build/linux/obj/source/game/game_engine_multiplayer_sounds.o
[174/668] LINUX CC build/linux/obj/source/game/game_statistics.o
[175/668] LINUX CC build/linux/obj/source/camera/observer.o
[176/668] LINUX CC build/linux/obj/source/game/game_engine_slayer.o
[177/668] LINUX CC build/linux/obj/source/effects/particle_systems.o
[178/668] LINUX CC build/linux/obj/source/game/player_rumble_definition.o
[179/668] LINUX CC build/linux/obj/source/game/game.o
[180/668] LINUX CC build/linux/obj/source/game/aim_assist.o
[181/668] LINUX CC build/linux/obj/source/game/game_engine_ctf.o
[182/668] LINUX CC build/linux/obj/source/game/game_time.o
[183/668] LINUX CC build/linux/obj/source/game/game_engine_king.o
[184/668] LINUX CC build/linux/obj/source/game/game_allegiance.o
[185/668] LINUX CC build/linux/obj/source/effects/weather_particle_systems.o
[186/668] LINUX CC build/linux/obj/source/hs/hs_scenario_definitions.o
[187/668] LINUX CC build/linux/obj/source/game/player_rumble.o
[188/668] LINUX CC build/linux/obj/source/input/input_windows.o
[189/668] LINUX CC build/linux/obj/source/game/game_engine_race.o
[190/668] LINUX CC build/linux/obj/source/hs/hs_globals_external.o
[191/668] LINUX CC build/linux/obj/source/input/HaloAutoTest.o
[192/668] LINUX CC build/linux/obj/source/game/game_engine_oddball.o
[193/668] LINUX CC build/linux/obj/source/interface/event_manager.o
[194/668] LINUX CC build/linux/obj/source/interface/hud_definitions.o
[195/668] LINUX CC build/linux/obj/source/hs/hs_library_external.o
[196/668] LINUX CC build/linux/obj/source/interface/hud_messaging_definitions.o
[197/668] LINUX CC build/linux/obj/source/effects/effects.o
[198/668] LINUX CC build/linux/obj/source/input/input_xbox.o
[199/668] LINUX CC build/linux/obj/source/game/player_queues_new.o
[200/668] LINUX CC build/linux/obj/source/hs/object_lists.o
[201/668] LINUX CC build/linux/obj/source/interface/interface_panels.o
[202/668] LINUX CC build/linux/obj/source/game/player_control.o
[203/668] LINUX CC build/linux/obj/source/interface/hud_sounds.o
[204/668] LINUX CC build/linux/obj/source/interface/attract_mode.o
[205/668] LINUX CC build/linux/obj/source/interface/inventory_displays.o
[206/668] LINUX CC build/linux/obj/source/effects/decals.o
[207/668] LINUX CC build/linux/obj/source/interface/meter_definitions.o
[208/668] LINUX CC build/linux/obj/source/interface/meters.o
[209/668] LINUX CC build/linux/obj/source/interface/marketing_and_strategic_business_development.o
[210/668] LINUX CC build/linux/obj/source/interface/hud.o
[211/668] LINUX CC build/linux/obj/source/interface/overhead_map.o
[212/668] LINUX CC build/linux/obj/source/hs/hs_runtime.o
[213/668] LINUX CC build/linux/obj/source/input/input_abstraction.o
[214/668] LINUX CC build/linux/obj/source/interface/hud_nav_points.o
[215/668] LINUX CC build/linux/obj/source/interface/hud_unit.o
[216/668] LINUX CC build/linux/obj/source/interface/weapon_hud_interface_definition.o
[217/668] LINUX CC build/linux/obj/source/interface/ui_widget_text_search_and_replace_functions.o
[218/668] LINUX CC build/linux/obj/source/interface/unit_hud_interface_definition.o
[219/668] LINUX CC build/linux/obj/source/interface/player_ui.o
[220/668] LINUX CC build/linux/obj/source/items/equipment_definitions.o
[221/668] LINUX CC build/linux/obj/source/interface/terminal.o
[222/668] LINUX CC build/linux/obj/source/items/item_definitions.o
[223/668] LINUX CC build/linux/obj/source/hs/hs_compile.o
[224/668] LINUX CC build/linux/obj/source/items/equipment.o
[225/668] LINUX CC build/linux/obj/source/interface/hud_weapon.o
[226/668] LINUX CC build/linux/obj/source/items/garbage_definitions.o
[227/668] LINUX CC build/linux/obj/source/interface/ui_widget_group.o
[228/668] LINUX CC build/linux/obj/source/items/garbage.o
[229/668] LINUX CC build/linux/obj/source/interface/first_person_weapons.o
[230/668] LINUX CC build/linux/obj/source/items/projectile_definitions.o
[231/668] LINUX CC build/linux/obj/source/interface/interface.o
[232/668] LINUX CC build/linux/obj/source/main/restricted_beta.o
[233/668] LINUX CC build/linux/obj/source/items/weapon_interfaces.o
[234/668] LINUX CC build/linux/obj/source/items/weapon_definitions.o
[235/668] LINUX CC build/linux/obj/source/game/players.o
[236/668] LINUX CC build/linux/obj/source/main/debug_keys.o
[237/668] LINUX CC build/linux/obj/source/interface/progress_bar.o
[238/668] LINUX CC build/linux/obj/source/interface/motion_sensor.o
[239/668] LINUX CC build/linux/obj/source/main/console.o
[240/668] LINUX CC build/linux/obj/source/interface/virtual_keyboard.o
[241/668] LINUX CC build/linux/obj/source/math/trig_math.o
[242/668] LINUX CC build/linux/obj/source/items/items.o
[243/668] LINUX CC build/linux/obj/source/math/periodic_functions.o
[244/668] LINUX CC build/linux/obj/source/math/random_math.o
[245/668] LINUX CC build/linux/obj/source/math/vector_tree.o
[246/668] LINUX CC build/linux/obj/source/memory/crc.o
[247/668] LINUX CC build/linux/obj/source/memory/byte_swapping.o
[248/668] LINUX CC build/linux/obj/source/memory/data_compress.o
[249/668] LINUX CC build/linux/obj/source/memory/circular_queue.o
[250/668] LINUX CC build/linux/obj/source/math/probability.o
[251/668] LINUX CC build/linux/obj/source/memory/fibonacci_heap.o
[252/668] LINUX CC build/linux/obj/source/memory/array.o
[253/668] LINUX CC build/linux/obj/source/interface/hud_messaging.o
[254/668] LINUX CC build/linux/obj/source/memory/data_encoding.o
[255/668] LINUX EMBED build/linux/generated/hud_hires_assets.c
[256/668] LINUX CC build/linux/obj/source/math/integer_math.o
[257/668] LINUX CC build/linux/obj/source/memory/data_packet_groups.o
[258/668] LINUX CC build/linux/obj/source/memory/data.o
[259/668] LINUX CC build/linux/obj/source/memory/data_packets.o
[260/668] LINUX CC build/linux/obj/source/memory/sl_list.o
[261/668] LINUX CC build/linux/obj/source/math/matrix_math.o
[262/668] LINUX CC build/linux/obj/source/memory/hashtable.o
[263/668] LINUX CC build/linux/obj/source/memory/lra_cache.o
[264/668] LINUX CC build/linux/obj/source/memory/zlib/adler32.o
[265/668] LINUX CC build/linux/obj/source/memory/zlib/compress.o
[266/668] LINUX CC build/linux/obj/source/memory/zlib/crc32.o
[267/668] LINUX CC build/linux/obj/source/main/main.o
[268/668] LINUX CC build/linux/obj/source/interface/hud_draw.o
[269/668] LINUX CC build/linux/obj/source/memory/memory_pool.o
[270/668] LINUX CC build/linux/obj/source/memory/texture_page.o
[271/668] LINUX CC build/linux/obj/source/memory/zlib/uncompr.o
[272/668] LINUX CC build/linux/obj/source/memory/lrar_cache.o
[273/668] LINUX CC build/linux/obj/source/memory/zlib/infutil.o
[274/668] LINUX CC build/linux/obj/source/memory/lru_cache.o
[275/668] LINUX CC build/linux/obj/source/memory/lruv_cache.o
[276/668] LINUX CC build/linux/obj/source/math/geometry.o
[277/668] LINUX CC build/linux/obj/source/memory/stack_memory_pool.o
[278/668] LINUX CC build/linux/obj/source/models/model_definitions.o
[279/668] LINUX CC build/linux/obj/source/interface/ui_widget_event_handler_functions.o
[280/668] LINUX CC build/linux/obj/source/memory/zlib/infcodes.o
[281/668] LINUX CC build/linux/obj/source/memory/zlib/zutil.o
[282/668] LINUX CC build/linux/obj/source/memory/zlib/inftrees.o
[283/668] LINUX CC build/linux/obj/source/items/projectiles.o
[284/668] LINUX CC build/linux/obj/source/models/model_animation_definitions.o
[285/668] LINUX CC build/linux/obj/source/memory/zlib/inffast.o
[286/668] LINUX CC build/linux/obj/source/networking/network_game_preferences.o
[287/668] LINUX CC build/linux/obj/source/interface/ui_widget_game_data_input_functions.o
[288/668] LINUX CC build/linux/obj/source/networking/network_game_ui.o
[289/668] LINUX CC build/linux/obj/source/networking/network_game_globals.o
[290/668] LINUX CC build/linux/obj/source/memory/zlib/inflate.o
[291/668] LINUX CC build/linux/obj/source/memory/zlib/infblock.o
[292/668] LINUX CC build/linux/obj/source/networking/network_messages.o
[293/668] LINUX CC build/linux/obj/source/items/weapons.o
[294/668] LINUX CC build/linux/obj/source/math/real_math.o
[295/668] LINUX CC build/linux/obj/source/objects/light_definitions.o
[296/668] LINUX CC build/linux/obj/source/networking/network_client_message_handler.o
[297/668] LINUX CC build/linux/obj/source/objects/damage_effect_definitions.o
[298/668] LINUX CC build/linux/obj/source/networking/telnet_console.o
[299/668] LINUX CC build/linux/obj/source/networking/network_game_manager.o
[300/668] LINUX CC build/linux/obj/source/objects/object_definitions.o
[301/668] LINUX CC build/linux/obj/source/memory/zlib/gzio.o
[302/668] LINUX CC build/linux/obj/source/memory/zlib/deflate.o
[303/668] LINUX CC build/linux/obj/source/memory/zlib/trees.o
[304/668] LINUX CC build/linux/obj/source/objects/object_deleted_procs.o
[305/668] LINUX CC build/linux/obj/source/hs/hs.o
[306/668] LINUX CC build/linux/obj/source/objects/widgets/aleph.o
[307/668] LINUX CC build/linux/obj/source/game/game_engine.o
[308/668] LINUX CC build/linux/obj/source/objects/object_shadows.o
[309/668] LINUX CC build/linux/obj/source/objects/widgets/cellular_automata.o
[310/668] LINUX CC build/linux/obj/source/networking/network_connection.o
[311/668] LINUX CC build/linux/obj/source/objects/widgets/antenna_definitions.o
[312/668] LINUX CC build/linux/obj/source/objects/placeholder_definitions.o
[313/668] LINUX CC build/linux/obj/source/objects/widgets/flag_definitions.o
[314/668] LINUX CC build/linux/obj/source/objects/widgets/cellular_automata2d.o
[315/668] LINUX CC build/linux/obj/source/objects/scenery_group.o
[316/668] LINUX CC build/linux/obj/source/models/models.o
[317/668] LINUX CC build/linux/obj/source/objects/widgets/glow_definitions.o
[318/668] LINUX CC build/linux/obj/source/objects/widgets/light_volume_definitions.o
[319/668] LINUX CC build/linux/obj/source/objects/widgets/lightning_definitions.o
[320/668] LINUX CC build/linux/obj/source/physics/bsp2d.o
[321/668] LINUX CC build/linux/obj/source/objects/widgets/antenna.o
[322/668] LINUX CC build/linux/obj/source/objects/scenery.o
[323/668] LINUX CC build/linux/obj/source/physics/collision_model_definitions.o
[324/668] LINUX CC build/linux/obj/source/physics/bsp3d.o
[325/668] LINUX CC build/linux/obj/source/objects/widgets/widgets.o
[326/668] LINUX CC build/linux/obj/source/networking/network_client_manager.o
[327/668] LINUX CC build/linux/obj/source/objects/widgets/light_volumes.o
[328/668] LINUX CC build/linux/obj/source/physics/collision_bsp_definitions.o
[329/668] LINUX CC build/linux/obj/source/objects/widgets/lightning.o
[330/668] LINUX CC build/linux/obj/source/interface/ui_widget.o
[331/668] LINUX CC build/linux/obj/source/models/model_animations.o
[332/668] LINUX CC build/linux/obj/source/physics/physics_definitions.o
[333/668] LINUX CC build/linux/obj/source/objects/object_types.o
[334/668] LINUX CC build/linux/obj/source/physics/terrain_definitions.o
[335/668] LINUX CC build/linux/obj/source/rasterizer/common/rasterizer_common.o
[336/668] LINUX CC build/linux/obj/source/physics/breakable_surfaces.o
[337/668] LINUX CC build/linux/obj/source/physics/physics_variables.o
[338/668] LINUX CC build/linux/obj/source/physics/collision_usage.o
[339/668] LINUX CC build/linux/obj/source/networking/network_server_message_handler.o
[340/668] LINUX CC build/linux/obj/source/physics/point_physics.o
[341/668] LINUX CC build/linux/obj/source/objects/widgets/flags.o
[342/668] LINUX CC build/linux/obj/source/rasterizer/rasterizer_debug.o
[343/668] LINUX CC build/linux/obj/source/objects/object_lights.o
[344/668] LINUX CC build/linux/obj/source/physics/collision_debug.o
[345/668] LINUX CC build/linux/obj/source/rasterizer/rasterizer_cinematics.o
[346/668] LINUX CC build/linux/obj/source/rasterizer/rasterizer_memory_pool.o
[347/668] LINUX CC build/linux/obj/source/rasterizer/rasterizer_geometry.o
[348/668] LINUX CC build/linux/obj/source/rasterizer/rasterizer.o
[349/668] LINUX CC build/linux/obj/source/physics/collision_features.o
[350/668] LINUX CC build/linux/obj/source/rasterizer/rasterizer_frame_statistics.o
[351/668] LINUX CC build/linux/obj/source/objects/widgets/glow.o
[352/668] LINUX CC build/linux/obj/source/rasterizer/rasterizer_lights.o
[353/668] LINUX CC build/linux/obj/source/physics/collision_models.o
[354/668] LINUX CC build/linux/obj/source/rasterizer/rasterizer_transparent_geometry.o
[355/668] LINUX CC build/linux/obj/source/rasterizer/xbox/rasterizer_xbox_errors.o
[356/668] LINUX CC build/linux/obj/source/rasterizer/rasterizer_swizzle.o
[357/668] LINUX CC build/linux/obj/source/rasterizer/xbox/rasterizer_xbox_debug.o
[358/668] LINUX CC build/linux/obj/source/rasterizer/xbox/rasterizer_xbox_detail_objects.o
[359/668] LINUX CC build/linux/obj/source/rasterizer/xbox/rasterizer_xbox_decals.o
[360/668] LINUX CC build/linux/obj/source/rasterizer/xbox/rasterizer_xbox_hardware_bitmaps.o
[361/668] LINUX CC build/linux/obj/source/rasterizer/rasterizer_text.o
[362/668] LINUX CC build/linux/obj/source/rasterizer/xbox/rasterizer_xbox_active_camouflage.o
[363/668] LINUX CC build/linux/obj/source/rasterizer/xbox/rasterizer_xbox_hardware_geometry.o
[364/668] LINUX CC build/linux/obj/source/rasterizer/xbox/rasterizer_xbox_motion_sensor.o
[365/668] LINUX CC build/linux/obj/source/objects/damage.o
[366/668] LINUX CC build/linux/obj/source/physics/physics.o
[367/668] LINUX CC build/linux/obj/source/rasterizer/xbox/rasterizer_xbox_text.o
[368/668] LINUX CC build/linux/obj/source/physics/collision_bsp.o
[369/668] LINUX CC build/linux/obj/source/rasterizer/xbox/rasterizer_xbox_plasma_energy.o
[370/668] LINUX CC build/linux/obj/source/networking/network_server_manager.o
[371/668] LINUX CC build/linux/obj/source/rasterizer/xbox/rasterizer_xbox_dynavobgeom.o
[372/668] LINUX CC build/linux/obj/source/rasterizer/xbox/rasterizer_xbox_vertex_shaders_initialize.o
[373/668] LINUX CC build/linux/obj/source/rasterizer/xbox/rasterizer_xbox_lights.o
[374/668] LINUX CC build/linux/obj/source/rasterizer/xbox/rasterizer_xbox_draw_primitives.o
[375/668] LINUX CC build/linux/obj/source/rasterizer/xbox/rasterizer_xbox_profile.o
[376/668] LINUX CC build/linux/obj/source/rasterizer/xbox/shader_transparent_chicago_preprocessor.o
[377/668] LINUX CC build/linux/obj/source/rasterizer/xbox/rasterizer_xbox_environment_fog.o
[378/668] LINUX CC build/linux/obj/source/physics/collisions.o
[379/668] LINUX CC build/linux/obj/source/rasterizer/xbox/rasterizer_xbox_environment.o
[380/668] LINUX CC build/linux/obj/source/render/render_detail_objects.o
[381/668] LINUX CC build/linux/obj/source/rasterizer/xbox/rasterizer_xbox_vertex_shaders_runtime.o
[382/668] LINUX CC build/linux/obj/source/rasterizer/xbox/rasterizer_xbox_vertex_shaders.o
[383/668] LINUX CC build/linux/obj/source/rasterizer/xbox/rasterizer_xbox_shadows.o
[384/668] LINUX CC build/linux/obj/source/rasterizer/xbox/rasterizer_xbox.o
[385/668] LINUX CC build/linux/obj/source/rasterizer/xbox/shader_transparent_generic_preprocessor.o
[386/668] LINUX CC build/linux/obj/source/render/triangle_strips.o
[387/668] LINUX CC build/linux/obj/source/render/render_media.o
[388/668] LINUX CC 'build/linux/obj/source/saved films/saved_films.o'
[389/668] LINUX CC build/linux/obj/source/scenario/fog_definitions.o
[390/668] LINUX CC build/linux/obj/source/render/render_sky.o
[391/668] LINUX CC build/linux/obj/source/rasterizer/xbox/rasterizer_xbox_models.o
[392/668] LINUX CC build/linux/obj/source/rasterizer/xbox/rasterizer_xbox_water.o
[393/668] LINUX CC build/linux/obj/source/render/render_particles.o
[394/668] LINUX CC build/linux/obj/source/scenario/multiplayer_scenario_description.o
[395/668] LINUX CC build/linux/obj/source/rasterizer/xbox/rasterizer_xbox_widgets.o
[396/668] LINUX CC build/linux/obj/source/scenario/scenario_definitions.o
[397/668] LINUX CC build/linux/obj/source/scenario/sky_definitions.o
[398/668] LINUX CC 'build/linux/obj/source/saved games/game_state_xbox.o'
[399/668] LINUX CC build/linux/obj/source/scenario/wind_definitions.o
[400/668] LINUX CC build/linux/obj/source/shell/shell_windows.o
[401/668] LINUX CC 'build/linux/obj/source/saved games/game_state.o'
[402/668] LINUX CC build/linux/obj/source/render/render.o
[403/668] LINUX CC build/linux/obj/source/render/render_sprite.o
[404/668] LINUX CC build/linux/obj/source/shaders/shader_definitions.o
[405/668] LINUX CC 'build/linux/obj/source/saved games/player_profile.o'
[406/668] LINUX CC build/linux/obj/source/shell/shell.o
[407/668] LINUX CC build/linux/obj/source/render/render_contrails.o
[408/668] LINUX CC build/linux/obj/source/render/render_objects.o
[409/668] LINUX CC build/linux/obj/source/shaders/shaders.o
[410/668] LINUX CC build/linux/obj/source/shell/shell_xbox.o
[411/668] LINUX CC build/linux/obj/source/scenario/wind.o
[412/668] LINUX CC 'build/linux/obj/source/saved games/playlist_profile.o'
[413/668] LINUX CC build/linux/obj/source/sound/sound_environment_definitions.o
[414/668] LINUX CC build/linux/obj/source/rasterizer/xbox/rasterizer_xbox_screen_effect.o
[415/668] LINUX CC build/linux/obj/source/sound/sound_preferences.o
[416/668] LINUX CC build/linux/obj/source/sound/sound_import/sound_aiff.o
[417/668] LINUX CC build/linux/obj/source/sound/sound_import/sound_import.o
[418/668] LINUX CC build/linux/obj/source/sound/sound_classes.o
[419/668] LINUX CC build/linux/obj/source/structures/radiosity/intermediate_radiosity.o
[420/668] LINUX CC build/linux/obj/source/sound/ima_adpcm.o
[421/668] LINUX CC build/linux/obj/source/structures/radiosity/radiosity_io.o
[422/668] LINUX CC build/linux/obj/source/sound/sound_scenery_group.o
[423/668] LINUX CC build/linux/obj/source/sound/sound_definitions.o
[424/668] LINUX CC build/linux/obj/source/structures/radiosity/radiosity.o
[425/668] LINUX CC build/linux/obj/source/sound/sound_import/sound_wave.o
[426/668] LINUX CC build/linux/obj/source/structures/detail_object_definitions.o
[427/668] LINUX CC build/linux/obj/source/sound/game_sound.o
[428/668] LINUX CC build/linux/obj/source/render/render_cameras.o
[429/668] LINUX CC build/linux/obj/source/sound/sound_scenery.o
[430/668] LINUX CC build/linux/obj/source/scenario/scenario.o
[431/668] LINUX CC build/linux/obj/source/structures/structure_bsp_definitions.o
[432/668] LINUX CC build/linux/obj/source/tag_files/tag_files_xbox.o
[433/668] LINUX CC build/linux/obj/source/structures/cluster_partitions.o
[434/668] LINUX CC build/linux/obj/source/structures/structure_runtime_decals.o
[435/668] LINUX CC build/linux/obj/source/tag_files/tag_files.o
[436/668] LINUX CC build/linux/obj/source/tag_files/tag_groups.o
[437/668] LINUX CC 'build/linux/obj/source/saved games/saved_game_files.o'
[438/668] LINUX CC build/linux/obj/source/units/biped_definitions.o
[439/668] LINUX CC build/linux/obj/source/structures/structure_detail_objects.o
[440/668] LINUX CC build/linux/obj/source/render/render_debug.o
[441/668] LINUX CC build/linux/obj/source/structures/structure_lens_flares.o
[442/668] LINUX CC build/linux/obj/source/text/text_group.o
[443/668] LINUX CC build/linux/obj/source/text/font_group.o
[444/668] LINUX CC build/linux/obj/source/text/international_strings.o
[445/668] LINUX CC build/linux/obj/source/units/unit_definitions.o
[446/668] LINUX CC build/linux/obj/source/tool/connected_geometry.o
[447/668] LINUX CC build/linux/obj/source/units/vehicle_definitions.o
[448/668] LINUX CC build/linux/obj/source/tag_files/files.o
[449/668] LINUX CC build/linux/obj/source/structures/structures.o
[450/668] LINUX CC build/linux/obj/source/text/unicode.o
[451/668] LINUX CC build/linux/obj/source/units/unit_scripting_commands.o
[452/668] LINUX CC build/linux/obj/source/rasterizer/xbox/rasterizer_xbox_transparent_geometry.o
[453/668] LINUX CC build/linux/obj/source/structures/leaf_map.o
[454/668] LINUX CC build/linux/obj/source/units/dialogue_definitions.o
[455/668] LINUX CC build/linux/obj/source/tool/error_geometry.o
[456/668] LINUX CC build/linux/obj/source/units/unit_dialogue.o
[457/668] LINUX CC build/linux/obj/port/linux/game/hud_hires_tags.o
[458/668] LINUX CC build/linux/obj/source/structures/structure_visibility.o
[459/668] LINUX CC build/linux/obj/source/tag_files/files_windows.o
[460/668] LINUX CC build/linux/obj/source/units/biped_limp_noodle.o
[461/668] LINUX CC build/linux/obj/source/structures/structure_render.o
[462/668] LINUX CC build/linux/obj/port/linux/game/pal_tags.o
[463/668] LINUX CC build/linux/obj/source/text/draw_string.o
[464/668] LINUX CC build/linux/obj/port/linux/src/bink_null.o
[465/668] LINUX CC build/linux/obj/source/sound/sound_manager.o
[466/668] LINUX CC build/linux/obj/source/sound/sound_dsound_xbox.o
[467/668] LINUX CC build/linux/obj/source/objects/objects.o
[468/668] LINUX CC build/linux/obj/port/linux/src/memory_watch.o
[469/668] LINUX CC build/linux/obj/port/linux/game/render_interpolation.o
[470/668] LINUX CC build/linux/obj/port/linux/src/d3d8_resources.o
[471/668] LINUX CC build/linux/obj/port/linux/game/network_test.o
[472/668] LINUX CC build/linux/obj/port/linux/src/halo_linker_common.o
[473/668] LINUX CC build/linux/obj/port/linux/src/hud_hires.o
[474/668] LINUX CC build/linux/obj/port/linux/src/gl_functions.o
[475/668] LINUX CC build/linux/obj/port/linux/src/nv2a_vsh.o
[476/668] LINUX CC build/linux/obj/port/linux/src/p2p_discord.o
[477/668] LINUX CC build/linux/obj/port/linux/src/nv2a_psh.o
[478/668] LINUX CC build/linux/obj/port/linux/game/network_damage.o
[479/668] LINUX CC build/linux/obj/port/linux/src/posix_files.o
[480/668] LINUX CC build/linux/obj/port/linux/src/posix_upnp.o
[481/668] LINUX CC build/linux/obj/port/linux/src/msvc_crt.o
[482/668] LINUX CC build/linux/obj/port/linux/src/dsound_sdl.o
[483/668] LINUX CC build/linux/obj/port/linux/game/msvc_comdat.o
[484/668] LINUX CC build/linux/obj/port/linux/game/network_objects.o
[485/668] LINUX CC build/linux/obj/port/linux/src/msvc_wide.o
[486/668] LINUX CC build/linux/obj/port/linux/game/menu_tags.o
[487/668] LINUX CC build/linux/obj/port/linux/src/xbdm.o
[488/668] LINUX CC build/linux/obj/port/linux/src/port_config.o
[489/668] LINUX CC build/linux/obj/port/linux/src/p2p_crypto.o
[490/668] LINUX CC build/linux/obj/port/linux/src/xbox_memory.o
[491/668] LINUX CC build/linux/obj/port/linux/src/p2p_signal.o
[492/668] LINUX CC build/linux/obj/port/linux/src/posix_net.o
[493/668] LINUX CC build/linux/obj/port/linux/src/xbox_files.o
[494/668] LINUX CC build/linux/obj/port/third_party/mbedtls/library/aesce.o
[495/668] LINUX CC build/linux/obj/port/linux/src/xbox_kernel.o
[496/668] LINUX CC build/linux/obj/port/linux/src/updater.o
[497/668] LINUX CC build/linux/obj/port/linux/src/posix_update.o
[498/668] LINUX CC build/linux/obj/port/linux/src/xbox_xapi.o
[499/668] LINUX CC build/linux/obj/port/linux/src/xiso.o
[500/668] LINUX CC build/linux/obj/port/linux/src/sdl_platform.o
[501/668] LINUX CC build/linux/obj/port/linux/src/xnet.o
[502/668] LINUX CC build/linux/obj/port/linux/game/network_distributed.o
[503/668] LINUX CC build/linux/obj/port/third_party/mbedtls/library/bignum_mod.o
[504/668] LINUX CC build/linux/obj/source/units/vehicles.o
[505/668] LINUX CC build/linux/obj/port/linux/src/menu_files.o
[506/668] LINUX CC build/linux/obj/port/third_party/mbedtls/library/base64.o
[507/668] LINUX CC build/linux/obj/port/third_party/mbedtls/library/bignum_mod_raw.o
[508/668] LINUX CC build/linux/obj/port/third_party/mbedtls/library/block_cipher.o
[509/668] LINUX CC build/linux/obj/port/linux/src/d3d8_gl.o
[510/668] LINUX CC build/linux/obj/port/linux/src/xgpu_text.o
[511/668] LINUX CC build/linux/obj/port/linux/src/xbox_textures.o
[512/668] LINUX CC build/linux/obj/port/third_party/mbedtls/library/asn1parse.o
[513/668] LINUX CC build/linux/obj/source/units/bipeds.o
[514/668] LINUX CC build/linux/obj/port/third_party/mbedtls/library/chachapoly.o
[515/668] LINUX CC build/linux/obj/port/linux/src/p2p.o
[516/668] LINUX CC build/linux/obj/port/third_party/mbedtls/library/chacha20.o
[517/668] LINUX CC build/linux/obj/port/third_party/mbedtls/library/aria.o
[518/668] LINUX CC build/linux/obj/port/linux/game/menu_functions.o
[519/668] LINUX CC build/linux/obj/port/third_party/mbedtls/library/debug.o
[520/668] LINUX CC build/linux/obj/port/linux/src/xinput_sdl.o
[521/668] LINUX CC build/linux/obj/port/third_party/mbedtls/library/ctr_drbg.o
[522/668] LINUX CC build/linux/obj/source/units/units.o
[523/668] LINUX CC build/linux/obj/port/third_party/mbedtls/library/ecp_curves_new.o
[524/668] LINUX CC build/linux/obj/port/third_party/mbedtls/library/ccm.o
[525/668] LINUX CC build/linux/obj/port/third_party/mbedtls/library/asn1write.o
[526/668] LINUX CC build/linux/obj/port/third_party/mbedtls/library/cmac.o
[527/668] LINUX CC build/linux/obj/port/third_party/mbedtls/library/ecdh.o
[528/668] LINUX CC build/linux/obj/port/third_party/mbedtls/library/dhm.o
[529/668] LINUX CC build/linux/obj/port/third_party/mbedtls/library/entropy_poll.o
[530/668] LINUX CC build/linux/obj/port/third_party/mbedtls/library/ecdsa.o
[531/668] LINUX CC build/linux/obj/port/third_party/mbedtls/library/cipher_wrap.o
[532/668] LINUX CC build/linux/obj/port/third_party/mbedtls/library/hkdf.o
[533/668] LINUX CC build/linux/obj/port/third_party/mbedtls/library/ecjpake.o
[534/668] LINUX CC build/linux/obj/port/third_party/mbedtls/library/entropy.o
[535/668] LINUX CC build/linux/obj/port/third_party/mbedtls/library/error.o
[536/668] LINUX CC build/linux/obj/port/third_party/mbedtls/library/constant_time.o
[537/668] LINUX CC build/linux/obj/port/third_party/mbedtls/library/cipher.o
[538/668] LINUX CC build/linux/obj/port/third_party/mbedtls/library/mps_trace.o
[539/668] LINUX CC build/linux/obj/port/third_party/mbedtls/library/lms.o
[540/668] LINUX CC build/linux/obj/port/third_party/mbedtls/library/memory_buffer_alloc.o
[541/668] LINUX CC build/linux/obj/port/third_party/mbedtls/library/bignum_core.o
[542/668] LINUX CC build/linux/obj/port/third_party/mbedtls/library/camellia.o
[543/668] LINUX CC build/linux/obj/port/third_party/mbedtls/library/aesni.o
[544/668] LINUX CC build/linux/obj/port/third_party/mbedtls/library/padlock.o
[545/668] LINUX CC build/linux/obj/port/third_party/mbedtls/library/md5.o
[546/668] LINUX CC build/linux/obj/port/third_party/mbedtls/library/lmots.o
[547/668] LINUX CC build/linux/obj/port/third_party/mbedtls/library/mps_reader.o
[548/668] LINUX CC build/linux/obj/port/third_party/mbedtls/library/pem.o
[549/668] LINUX CC build/linux/obj/port/third_party/mbedtls/library/des.o
[550/668] LINUX CC build/linux/obj/port/third_party/mbedtls/library/hmac_drbg.o
[551/668] LINUX CC build/linux/obj/port/third_party/mbedtls/library/pkcs12.o
[552/668] LINUX CC build/linux/obj/port/third_party/mbedtls/library/aes.o
[553/668] LINUX CC build/linux/obj/port/third_party/mbedtls/library/net_sockets.o
[554/668] LINUX CC build/linux/obj/port/third_party/mbedtls/library/pk_ecc.o
[555/668] LINUX CC build/linux/obj/port/third_party/mbedtls/library/platform.o
[556/668] LINUX CC build/linux/obj/port/third_party/mbedtls/library/platform_util.o
[557/668] LINUX CC build/linux/obj/port/third_party/mbedtls/library/pk.o
[558/668] LINUX CC build/linux/obj/port/third_party/mbedtls/library/pkcs5.o
[559/668] LINUX CC build/linux/obj/port/third_party/mbedtls/library/psa_crypto_client.o
[560/668] LINUX CC build/linux/obj/port/third_party/mbedtls/library/pk_wrap.o
[561/668] LINUX CC build/linux/obj/port/third_party/mbedtls/library/nist_kw.o
[562/668] LINUX CC build/linux/obj/port/third_party/mbedtls/library/psa_crypto_driver_wrappers_no_static.o
[563/668] LINUX CC build/linux/obj/port/third_party/mbedtls/library/pkparse.o
[564/668] LINUX CC build/linux/obj/port/third_party/mbedtls/library/md.o
[565/668] LINUX CC build/linux/obj/port/third_party/mbedtls/library/psa_crypto_random.o
[566/668] LINUX CC build/linux/obj/port/third_party/mbedtls/library/ecp_curves.o
[567/668] LINUX CC build/linux/obj/port/third_party/mbedtls/library/gcm.o
[568/668] LINUX CC build/linux/obj/port/third_party/mbedtls/library/psa_crypto_ecp.o
[569/668] LINUX CC build/linux/obj/port/third_party/mbedtls/library/psa_crypto_cipher.o
[570/668] LINUX CC build/linux/obj/port/third_party/mbedtls/library/psa_crypto_se.o
[571/668] LINUX CC build/linux/obj/port/third_party/mbedtls/library/pkwrite.o
[572/668] LINUX CC build/linux/obj/port/third_party/mbedtls/library/psa_crypto_ffdh.o
[573/668] LINUX CC build/linux/obj/port/third_party/mbedtls/library/psa_crypto_pake.o
[574/668] LINUX CC build/linux/obj/port/third_party/mbedtls/library/poly1305.o
[575/668] LINUX CC build/linux/obj/port/third_party/mbedtls/library/psa_crypto_aead.o
[576/668] LINUX CC build/linux/obj/port/third_party/mbedtls/library/psa_crypto_mac.o
[577/668] LINUX CC build/linux/obj/port/third_party/mbedtls/library/psa_crypto_storage.o
[578/668] LINUX CC build/linux/obj/port/third_party/mbedtls/library/oid.o
[579/668] LINUX CC build/linux/obj/port/third_party/mbedtls/library/psa_its_file.o
[580/668] LINUX CC build/linux/obj/port/third_party/mbedtls/library/psa_crypto_hash.o
[581/668] LINUX CC build/linux/obj/port/third_party/mbedtls/library/ecp.o
[582/668] LINUX CC build/linux/obj/port/third_party/mbedtls/library/psa_crypto_rsa.o
[583/668] LINUX CC build/linux/obj/port/third_party/mbedtls/library/psa_util.o
[584/668] LINUX CC build/linux/obj/port/third_party/mbedtls/library/ssl_ciphersuites.o
[585/668] LINUX CC build/linux/obj/port/linux/src/text_hires.o
[586/668] LINUX CC build/linux/obj/port/third_party/mbedtls/library/pkcs7.o
[587/668] LINUX CC build/linux/obj/port/third_party/mbedtls/library/ssl_debug_helpers_generated.o
[588/668] LINUX CC build/linux/obj/port/third_party/mbedtls/library/psa_crypto_slot_management.o
[589/668] LINUX CC build/linux/obj/port/third_party/mbedtls/library/threading.o
[590/668] LINUX CC build/linux/obj/port/third_party/mbedtls/library/rsa_alt_helpers.o
[591/668] LINUX CC build/linux/obj/port/third_party/mbedtls/library/ssl_cache.o
[592/668] LINUX CC build/linux/obj/port/third_party/mbedtls/library/ssl_cookie.o
[593/668] LINUX CC build/linux/obj/port/third_party/mbedtls/library/sha3.o
[594/668] LINUX CC build/linux/obj/port/third_party/mbedtls/library/ssl_client.o
[595/668] LINUX CC build/linux/obj/port/third_party/mbedtls/library/version.o
[596/668] LINUX CC build/linux/obj/port/third_party/mbedtls/library/sha512.o
[597/668] LINUX CC build/linux/obj/port/third_party/mbedtls/library/ssl_ticket.o
[598/668] LINUX CC build/linux/obj/port/third_party/mbedtls/library/version_features.o
[599/668] LINUX CC build/linux/obj/port/third_party/mbedtls/library/timing.o
[600/668] LINUX CC build/linux/obj/port/third_party/mbedtls/library/ripemd160.o
[601/668] LINUX CC build/linux/obj/port/third_party/miniupnpc/src/addr_is_reserved.o
[602/668] LINUX CC build/linux/obj/port/third_party/mbedtls/library/x509_create.o
[603/668] LINUX CC build/linux/obj/port/third_party/mbedtls/library/x509_csr.o
[604/668] LINUX CC build/linux/obj/port/third_party/mbedtls/library/x509write.o
[605/668] LINUX CC build/linux/obj/port/third_party/mbedtls/library/sha256.o
[606/668] LINUX CC build/linux/obj/port/third_party/miniupnpc/src/igd_desc_parse.o
[607/668] LINUX CC build/linux/obj/port/third_party/mbedtls/library/sha1.o
[608/668] LINUX CC build/linux/obj/port/third_party/mbedtls/library/x509_crl.o
[609/668] LINUX CC build/linux/obj/port/third_party/miniupnpc/src/connecthostport.o
[610/668] LINUX CC build/linux/obj/port/third_party/miniupnpc/src/minisoap.o
[611/668] LINUX CC build/linux/obj/port/third_party/mbedtls/library/bignum.o
[612/668] LINUX CC build/linux/obj/port/third_party/mbedtls/library/ssl_tls12_client.o
[613/668] LINUX CC build/linux/obj/port/third_party/miniupnpc/src/receivedata.o
[614/668] LINUX CC build/linux/obj/port/third_party/mbedtls/library/x509write_crt.o
[615/668] LINUX CC build/linux/obj/port/third_party/mbedtls/library/x509write_csr.o
[616/668] LINUX CC build/linux/obj/port/third_party/miniupnpc/src/portlistingparse.o
[617/668] LINUX CC build/linux/obj/port/third_party/mbedtls/library/rsa.o
[618/668] LINUX CC build/linux/obj/port/third_party/miniupnpc/src/upnperrors.o
[619/668] LINUX CC build/linux/obj/port/third_party/mbedtls/library/ssl_tls13_generic.o
[620/668] LINUX CC build/linux/obj/port/third_party/miniupnpc/src/upnpreplyparse.o
[621/668] LINUX CC build/linux/obj/port/third_party/mbedtls/library/ssl_tls13_keys.o
[622/668] LINUX CC build/linux/obj/port/third_party/miniupnpc/src/upnpdev.o
[623/668] LINUX CC build/linux/obj/port/third_party/musl-math/src/__cos.o
[624/668] LINUX CC build/linux/obj/port/third_party/musl-math/src/__math_invalid.o
[625/668] LINUX CC build/linux/obj/port/third_party/expat/xmlrole.o
[626/668] LINUX CC build/linux/obj/port/third_party/miniupnpc/src/miniwget.o
[627/668] LINUX CC build/linux/obj/port/third_party/musl-math/src/__math_oflow.o
[628/668] LINUX CC build/linux/obj/port/third_party/musl-math/src/__math_divzero.o
[629/668] LINUX CC build/linux/obj/port/third_party/mbedtls/library/x509.o
[630/668] LINUX CC build/linux/obj/port/third_party/miniupnpc/src/minissdpc.o
[631/668] LINUX CC build/linux/obj/port/third_party/musl-math/src/__math_uflow.o
[632/668] LINUX CC build/linux/obj/port/third_party/miniupnpc/src/minixml.o
[633/668] LINUX CC build/linux/obj/port/third_party/musl-math/src/__sin.o
[634/668] LINUX CC build/linux/obj/port/third_party/musl-math/src/__tan.o
[635/668] LINUX CC build/linux/obj/port/third_party/musl-math/src/__rem_pio2.o
[636/668] LINUX CC build/linux/obj/port/third_party/musl-math/src/acos.o
[637/668] LINUX CC build/linux/obj/port/third_party/musl-math/src/__math_xflow.o
[638/668] LINUX CC build/linux/obj/port/third_party/musl-math/src/atan2.o
[639/668] LINUX CC build/linux/obj/port/third_party/musl-math/src/asin.o
[640/668] LINUX CC build/linux/obj/port/third_party/musl-math/src/cos.o
[641/668] LINUX CC build/linux/obj/port/third_party/musl-math/src/exp_data.o
[642/668] LINUX CC build/linux/obj/port/third_party/musl-math/src/exp.o
[643/668] LINUX CC build/linux/obj/port/third_party/miniupnpc/src/upnpcommands.o
[644/668] LINUX CC build/linux/obj/port/third_party/musl-math/src/log.o
[645/668] LINUX CC build/linux/obj/port/third_party/musl-math/src/__rem_pio2_large.o
[646/668] LINUX CC build/linux/obj/port/third_party/musl-math/src/atan.o
[647/668] LINUX CC build/linux/obj/port/third_party/musl-math/src/log10.o
[648/668] LINUX CC build/linux/obj/port/third_party/kcp/ikcp.o
[649/668] LINUX CC build/linux/obj/port/third_party/musl-math/src/log2_data.o
[650/668] LINUX CC build/linux/obj/port/third_party/musl-math/src/log_data.o
[651/668] LINUX CC build/linux/obj/port/third_party/musl-math/src/log2.o
[652/668] LINUX CC build/linux/obj/port/third_party/musl-math/src/tan.o
[653/668] LINUX CC build/linux/obj/port/third_party/mbedtls/library/x509_crt.o
[654/668] LINUX CC build/linux/obj/port/third_party/musl-math/src/pow.o
[655/668] LINUX CC build/linux/obj/port/third_party/mbedtls/library/ssl_tls13_client.o
[656/668] LINUX CC build/linux/obj/port/third_party/musl-math/src/pow_data.o
[657/668] LINUX CC build/linux/obj/port/third_party/miniupnpc/src/miniupnpc.o
[658/668] LINUX CC build/linux/obj/port/third_party/musl-math/src/sin.o
[659/668] LINUX CC build/linux/obj/port/third_party/mbedtls/library/ssl_tls12_server.o
[660/668] LINUX CC build/linux/obj/port/third_party/mbedtls/library/ssl_msg.o
[661/668] LINUX CC build/linux/obj/port/third_party/mbedtls/library/ssl_tls13_server.o
[662/668] LINUX CC build/linux/obj/port/third_party/mbedtls/library/psa_crypto.o
[663/668] LINUX CC build/linux/obj/port/third_party/tomlc17/tomlc17.o
[664/668] LINUX CC build/linux/obj/port/third_party/mbedtls/library/ssl_tls.o
[665/668] LINUX CC build/linux/obj/port/third_party/expat/xmlparse.o
[666/668] LINUX CC build/linux/obj/port/third_party/expat/xmltok.o
[667/668] LINUX CC build/linux/obj/build/linux/generated/hud_hires_assets.o
In file included from <built-in>:2:
./build/linux/platform_msvc_semantics.h:10:14: warning: weak identifier 'D3DDevice_SetRenderState' never declared
   10 | #pragma weak D3DDevice_SetRenderState
      |              ^
./build/linux/platform_msvc_semantics.h:11:14: warning: weak identifier 'D3DXMatrixIdentity' never declared
   11 | #pragma weak D3DXMatrixIdentity
      |              ^
2 warnings generated.
[668/668] LINUX LINK build/linux/halo
FAILED: [code=1] build/linux/halo 
clang --target=i686-linux-gnu -m32 -no-pie -g -flto=full -fuse-ld=lld -O2 -o build/linux/halo @build/linux/halo.rsp -lSDL3 -lm -lpthread && "/usr/bin/python" tools/linux_link_check.py build/linux/halo.rsp build/linux/halo
ld.lld: error: /lib/libSDL3.so is incompatible with elf32-i386
clang: error: linker command failed with exit code 1 (use -v to see invocation)
ninja: build stopped: subcommand failed.
